Can't find file 'rules/Basic.txt'
