calendar january season(winter)
calendar february season(winter)
calendar march season(spring)
calendar april season(spring)
calendar may season(spring)
calendar june season(summer)
calendar july season(summer)
calendar august season(summer)
calendar september season(autumn)
calendar october season(autumn)
calendar november season(autumn)
calendar december season(winter)

tactic lighting_attack attack(2) defend(2)
tactic careful_defence shield(1)
tactic messy_fighting sword(1)

nation orcs
nation northerners
nation southerners

action raiding order(2) raid(1) support(-3) trophies(2) cost_per_unit(1)
action attacking order(4) attack(1) support(-6) cost(5) cost_per_unit(1)
action defending order(5) defend(1) cost(1)
action recruit order(3) recruit(1)
action support order(3) support(5) cost(6)
action economy order(3) economy(2) cost(8)
action mobilization order(2) movement(2) cost(2)
action quest order(1)

game map("cradle.png")
game year(1241)
game casualties(4)
game income_per_level(2)
game default_action(quest)
game support_minimum(-60)
game support_maximum(50)
game economy_minimum(-5)
game economy_maximum(5)
game support_attack(20)
game support_defend(20)
game support_change(4)
game loyalty_base(15)
game loyalty_maximum(100)
game loyalty_noble_modifier(2)
game desert_base(5)

landscape plains income(4)
landscape mountains income(2) defend(2)
landscape swamp income(1) defend(2)
landscape forest income(3) defend(1)
landscape waste income(1)

province elder_mountains position(219, 132) landscape(mountains) neighbors(iron_peaks, black_wood, sunrise_wood) level(2) nation(orcs)
province river_dale level(2) landscape(plains) position(796, 253) neighbors(deadly_swamp, iron_peaks, river_cross) nation(northerners)
province river_cross position(759, 52) landscape(plains) neighbors(iron_peaks, river_dale) level(1) nation(northerners)
province iron_peaks position(567, 85) landscape(mountains) neighbors(elder_mountains, river_dale, river_cross, deadly_swamp) nation(orcs)
province sunrise_wood position(500, 560) landscape(forest) neighbors(black_wood, deadly_swamp, white_harbor, elder_mountains) nation(northerners)
province black_wood level(1) position(204, 495) landscape(forest) neighbors(elder_mountains, sunrise_wood, white_harbor) level(1) nation(orcs)
province white_harbor level(2) position(612, 735) landscape(plains) neighbors(black_wood, sunrise_wood) nation(northerners) level(2)
province deadly_swamp position(509, 276) landscape(swamp) neighbors(iron_peaks, sunrise_wood, river_dale) nation(orcs)
province sunny_coast position(487, 975) landscape(waste) nation(southerners)
province blessed_hills position(909, 411) landscape(hills) level(1) nation(northerners)
province iron_mountains position(1094, 127) landscape(mountains) nation(northerners)
province north_forest position(1315, 65) landscape(forest) level(1) nation(orcs)
province eastern_hills position(1513, 124) landscape(hills) nation(orcs)
province holy_mountain position(1231, 351) landscape(plains) level(2) nation(northerners)
province druid_hills position(1336, 206) landscape(hills) nation(northerners)

trait general defend(1) attack(1)
trait wizard defend(1) magic(1)
trait hireling attack(1) raid(2) nobility(-1)
trait raider raid(3) nobility(-1)

trait mad attack(1) sword(1) good(-1)
trait carefull shield(1)
trait bloody attack(2) defend(1) good(-1)
trait cunning attack(1) raid(1)
trait noble nobility(1) good(1)

hero gordek avatar("art/portraits/gordek.bmp") traits(bloody, hireling) player(red) best_tactic(lighting_attack) origin(waste)
hero mistra avatar("art/portraits/mistra.bmp") traits(carefull, wizard) best_tactic(careful_defence) gender(female) origin(forest)
hero antaris avatar("art/portraits/antaris.bmp") traits(bloody, wizard) best_tactic(messy_fighting) origin(plains)
hero groomsh avatar("art/portraits/groomsh.bmp") traits(cunning, general) player(green) best_tactic(careful_defence) origin(mountains)
hero bogart avatar("art/portraits/bogard.bmp") traits(bloody, general) best_tactic(messy_fighting) origin(forest)
hero argh avatar("art/portraits/argh.bmp") traits(mad, general) best_tactic(messy_fighting) origin(waste)
hero toybo avatar("art/portraits/toybo.bmp") traits(noble, general) best_tactic(careful_defence) origin(mountains)

unit orcs attack(1) defend(1) raid(1) cost(3) income(-1) recruit_count(2) nation(orcs)
unit black_orcs attack(2) defend(2) cost(5) income(-2) level(1) nation(orcs)
unit wolf_riders attack(2) raid(1) defend(1) cost(6) income(-2) level(2) nation(orcs) landscape(plains, hills, forest)
unit barbarians attack(1) defend(1) cost(2) income(-1) recruit_count(3) nation(northerners) mourning(1)
unit berserks attack(2) defend(1) sword(1) cost(4) income(-2) nation(northerners) mourning(1)
unit spearmans attack(1) defend(2) cost(3) income(-1) recruit_count(2) nation(southerners) mourning(1)
unit cavalry attack(2) raid(1) defend(1) sword(1) cost(7) income(-2) level(2) nation(southerners) landscape(plains, hills) mourning(1)

// Red player start
player red cost(50) type(human)
province white_harbor player(red)
troop type(barbarians) province(white_harbor) home(white_harbor)
troop type(barbarians) province(white_harbor) home(white_harbor)

// Green player start
player green cost(50) type(computer)
province elder_mountains player(green)
troop type(orcs) province(elder_mountains) home(elder_mountains)
troop type(orcs) province(elder_mountains) home(elder_mountains)

// Neutral forces
troop type(orcs) province(black_wood) home(black_wood)
troop type(black_orcs) province(black_wood) home(black_wood)
troop type(barbarians) province(sunrise_wood) home(sunrise_wood)